bngfbfgb